./src/server/ClientProxy.java:6: error: cannot find symbol
    private ServerCommunicator serverCommunicator;
            ^
  symbol:   class ServerCommunicator
  location: class ClientProxy
./src/server/ClientProxy.java:8: error: cannot find symbol
    private UpdateManager updateManager;
            ^
  symbol:   class UpdateManager
  location: class ClientProxy
./src/server/ClientProxy.java:17: error: cannot find symbol
    public void updateLobbyList(LobbyListData data){}
                                ^
  symbol:   class LobbyListData
  location: class ClientProxy
./src/server/ClientProxy.java:18: error: cannot find symbol
    public void updateLobby(LobbyData data){}
                            ^
  symbol:   class LobbyData
  location: class ClientProxy
./src/server/ClientProxy.java:20: error: cannot find symbol
    public void updateGameState(GameData data){}
                                ^
  symbol:   class GameData
  location: class ClientProxy
./src/client/gui/presenters/GamePresenter.java:7: error: cannot find symbol
  public void notify(IStateChange state) {
                     ^
  symbol:   class IStateChange
  location: class GamePresenter
./src/client/gui/presenters/GamePresenter.java:10: error: cannot find symbol
  public void updateObservable(IStateChange state) {
                               ^
  symbol:   class IStateChange
  location: class GamePresenter
./src/client/gui/presenters/LobbyPresenter.java:7: error: cannot find symbol
  public void notify(IStateChange state) {
                     ^
  symbol:   class IStateChange
  location: class LobbyPresenter
./src/client/gui/presenters/LobbyPresenter.java:10: error: cannot find symbol
  public void updateObservable(IStateChange state) {
                               ^
  symbol:   class IStateChange
  location: class LobbyPresenter
./src/client/gui/presenters/LobbyListPresenter.java:7: error: cannot find symbol
  public void notify(IStateChange state) {
                     ^
  symbol:   class IStateChange
  location: class LobbyListPresenter
./src/client/gui/presenters/LobbyListPresenter.java:10: error: cannot find symbol
  public void updateObservable(IStateChange state) {
                               ^
  symbol:   class IStateChange
  location: class LobbyListPresenter
./src/client/gui/presenters/LoginPresenter.java:25: error: cannot find symbol
  public void updateObservable(IStateChange state) {
                               ^
  symbol:   class IStateChange
  location: class LoginPresenter
./src/client/gui/presenters/LoginPresenter.java:31: error: cannot find symbol
  public void notify(IStateChange state) {
                     ^
  symbol:   class IStateChange
  location: class LoginPresenter
./src/common/IClientProxy.java:10: error: cannot find symbol
    public void updateLobbyList(LobbyListData data);
                                ^
  symbol:   class LobbyListData
  location: interface IClientProxy
./src/common/IClientProxy.java:11: error: cannot find symbol
    public void updateLobby(LobbyData data);
                            ^
  symbol:   class LobbyData
  location: interface IClientProxy
./src/common/IClientProxy.java:13: error: cannot find symbol
    public void updateGameState(GameData data);
                                ^
  symbol:   class GameData
  location: interface IClientProxy
./src/client/ModelFacade.java:22: error: cannot find symbol
    LoginResponse result = ServerProxy.SINGLETON.register(userData);
                                      ^
  symbol:   variable SINGLETON
  location: class ServerProxy
./src/client/ModelFacade.java:37: error: cannot find symbol
	LoginResponse result = ServerProxy.SINGLETON.login(userData);
	                                  ^
  symbol:   variable SINGLETON
  location: class ServerProxy
./src/client/ModelFacade.java:50: error: cannot find symbol
	  JoinLobbyResponse result = ServerProxy.SINGLETON.joinLobby(id);
	                                        ^
  symbol:   variable SINGLETON
  location: class ServerProxy
./src/client/ModelFacade.java:61: error: cannot find symbol
	  JoinLobbyResponse result = ServerProxy.SINGLETON.createLobby(lobby);
	                                        ^
  symbol:   variable SINGLETON
  location: class ServerProxy
./src/client/ModelFacade.java:72: error: cannot find symbol
	  LogoutResponse result = ServerProxy.SINGLETON.logout();
	                                     ^
  symbol:   variable SINGLETON
  location: class ServerProxy
21 errors
                                                                                                                                                                                                                                                                                                                                                                                                                                                                                                                                                                                                                                                                                                                                                                                                                                                                                                                                                                                                                                                                                                                                                                                                                                                                                                                                                                                                                                                                                                                                                                                                                                                                                                                                                                                                                                                                                                                                                                                                                                                                                                                                                                                                                                                                                                                                                                                                                                                                                                                                                                                                                                                                                                                                                                                                                                                                                                                                                                                                                                                                                                                                                                                                                                                                                                                                                                                                                                                                                                                                                                                                                                                                                                                                                                                                                                                                                                                                                                                                                                                                                                                                                                                                                                                                                                                                                                                                                                                                                                                                                                                                                                                                                                                                                                                                                                                                                                                                                                                                                                                                                                                                                                                                                                                                                                                                                                                                                                                                                                                                                                                                                                                                                                                                                                                                                                                                                                                                                                                                                                                                                                                                                                                                                                                                                                                                                                                                                                                                                                                                                                                                                                                                                                                                                                                                                                                                                                                                                                                                                                                                                                                                                                                                                                        [?1049h[?1h=[?12;25h[?12l[?25h[27m[23m[m[H[2J[?25l[1;1H[34m^Z[m** CLIENT PROXY
 * Client Proxy
 [1m[37m[41m*/[m
[32mpublic[m [32mclass[m ClientProxy {
    [32mprivate[m [32mstatic[m ClientProxy INSTANCE = [31mnull[m;
    [32mprivate[m ServerCommunicator serverCommunicator;
    [32mprivate[m [32mint[m authToken;
    [32mprivate[m UpdateManager updateManager;[10;5H[32mpublic[m [32mstatic[m ClientProxy getInstance() {[11;9H[33mif[m (INSTANCE == [31mnull[m) {[12;13HINSTANCE = [33mnew[m ClientProxy();[13;9H}[14;9H[33mreturn[m (INSTANCE);
    }[17;5H[32mpublic[m [32mvoid[m updateLobbyList(LobbyListData data){}
    [32mpublic[m [32mvoid[m updateLobby(LobbyData data){}
    [32mpublic[m [32mvoid[m startGame(){}
    [32mpublic[m [32mvoid[m updateGameState(GameData data){}
}
[1m[34m~                                                                                  [23;1H~                                                                                  [24;1H~                                                                                  [25;1H~                                                                                  [26;1H~                                                                                  [27;1H~                                                                                  [28;1H~                                                                                  [29;1H~                                                                                  [30;1H~                                                                                  [31;1H~                                                                                  [32;1H~                                                                                  [33;1H~                                                                                  [34;1H~                                                                                  [35;1H~                                                                                  [36;1H~                                                                                  [37;1H~                                                                                  [38;1H~                                                                                  [39;1H~                                                                                  [40;1H~                                                                                  [41;1H~                                                                                  [42;1H~                                                                                  [43;1H~                                                                                  [44;1H~                                                                                  [m[45;66H1,1[11CAll[1;1H[?12l[?25h[?25l[45;1HType  :quit<Enter>  to exit Vim[45;66H[K[45;66H1,1[11CAll[1;1H[?12l[?25h[?25l[45;66H[K[45;66H1,1[11CAll[1;1H[?12l[?25h[?25l[45;66H[K[45;66H1,1[11CAll[1;1H[?12l[?25h[?25l[45;66H[K[45;66H1,1[11CAll[1;1H[?12l[?25h[?25l[45;66H[K[45;66H1,1[11CAll[1;1H[?12l[?25h[?25l[45;66H[K[45;66H1,1[11CAll[1;1H[?12l[?25h[?25l[45;66H[K[45;66H1,1[11CAll[1;1H[?12l[?25h[?25l[45;66H[K[45;66H1,1[11CAll[1;1H[?12l[?25h[45;1H
[?1l>[?1049l[?1049h[?1h=[?12;25h[?12l[?25h[27m[23m[m[H[2J[?25l[1;1H[34m^Z[m** CLIENT PROXY
 * Client Proxy
 [1m[37m[41m*/[m
[32mpublic[m [32mclass[m ClientProxy {
    [32mprivate[m [32mstatic[m ClientProxy INSTANCE = [31mnull[m;
    [32mprivate[m ServerCommunicator serverCommunicator;
    [32mprivate[m [32mint[m authToken;
    [32mprivate[m UpdateManager updateManager;[10;5H[32mpublic[m [32mstatic[m ClientProxy getInstance() {[11;9H[33mif[m (INSTANCE == [31mnull[m) {[12;13HINSTANCE = [33mnew[m ClientProxy();[13;9H}[14;9H[33mreturn[m (INSTANCE);
    }[17;5H[32mpublic[m [32mvoid[m updateLobbyList(LobbyListData data){}
    [32mpublic[m [32mvoid[m updateLobby(LobbyData data){}
    [32mpublic[m [32mvoid[m startGame(){}
    [32mpublic[m [32mvoid[m updateGameState(GameData data){}
}
[1m[34m~                                                                                  [23;1H~                                                                                  [24;1H~                                                                                  [25;1H~                                                                                  [26;1H~                                                                                  [27;1H~                                                                                  [28;1H~                                                                                  [29;1H~                                                                                  [30;1H~                                                                                  [31;1H~                                                                                  [32;1H~                                                                                  [33;1H~                                                                                  [34;1H~                                                                                  [35;1H~                                                                                  [36;1H~                                                                                  [37;1H~                                                                                  [38;1H~                                                                                  [39;1H~                                                                                  [40;1H~                                                                                  [41;1H~                                                                                  [42;1H~                                                                                  [43;1H~                                                                                  [44;1H~                                                                                  [m[45;66H1,1[11CAll[1;1H[?12l[?25h[45;1H[?1l>[?1049lVim: Caught deadly signal TERM
Vim: preserving files...
Vim: Finished.
[45;1H